gdb a.out
GNU gdb (Ubuntu 8.1.1-0ubuntu1) 8.1.1
Copyright (C) 2018 Free Software Foundation, Inc.
License GPLv3+: GNU GPL version 3 or later <http://gnu.org/licenses/gpl.html>
This is free software: you are free to change and redistribute it.
There is NO WARRANTY, to the extent permitted by law.  Type "show copying"
and "show warranty" for details.
This GDB was configured as "x86_64-linux-gnu".
Type "show configuration" for configuration details.
For bug reporting instructions, please see:
<http://www.gnu.org/software/gdb/bugs/>.
Find the GDB manual and other documentation resources online at:
<http://www.gnu.org/software/gdb/documentation/>.
For help, type "help".
Type "apropos word" to search for commands related to "word"...
Reading symbols from a.out...done.
(gdb) b main
Breakpoint 1 at 0x841: file p2final.c, line 36.
(gdb) r
Starting program: /home/runner/IA2-Test1-Session2/a.out 
warning: Error disabling address space randomization: Operation not permitted

Breakpoint 1, main () at p2final.c:36
36    x=input_side();
(gdb) n
enter the dimensions
3
37    y=input_side();
(gdb) n
enter the dimensions
4
38    z=input_side();
(gdb) n
enter the dimensions
5
39    isscalene=check_scalene(x,y,z);
(gdb) s
check_scalene (a=3, b=4, c=5) at p2final.c:12
12    if(a==b || b==c || a==c)
(gdb) n
18      isscalene=1;
(gdb) n
20    return isscalene;
(gdb) n
21  }
(gdb) n
main () at p2final.c:40
40    output(x,y,z,isscalene);
(gdb) s
output (a=3, b=4, c=5, isscalene=1) at p2final.c:24
24    if(isscalene==1)
(gdb) n
26      printf("The triangle is scalene ");
(gdb) n
32  }
(gdb) n
main () at p2final.c:41
41    return 0;
(gdb) n
42  }(gdb) c
Continuing.
The triangle is scalene [Inferior 1 (process 1943) exited normally]
(gdb) q